A51 MACRO ASSEMBLER  ASSEMBLY_PROJETO                                                     05/18/2020 16:14:05 PAGE     1


MACRO ASSEMBLER A51 V8.2.7.0
OBJECT MODULE PLACED IN .\Objects\Assembly_Projeto.obj
ASSEMBLER INVOKED BY: C:\Keil_v5\C51\BIN\A51.EXE Assembly_Projeto.a51 SET(SMALL) DEBUG PRINT(.\Listings\Assembly_Projeto
                      .lst) OBJECT(.\Objects\Assembly_Projeto.obj) EP

LOC  OBJ            LINE     SOURCE

                       1     ;constantes
  0006                 2     TempoL EQU 0x06
  0006                 3     TempoH EQU 0x06
                       4             
                       5     ;S1_Vermelho EQU P1.0
                       6     ;S1_Amarelo EQU P1.1
                       7     ;S1_Verde EQU P1.2
                       8     
                       9     ;S2_Vermelho EQU P1.3
                      10     ;S2_Amarelo EQU P1.4
                      11     ;S2_Verde EQU P1.5
                      12             
                      13     ;S3_Vermelho EQU P2.2
                      14     ;S3_Amarelo EQU P2.1
  00A0                15     S3_Verde EQU P2.0
                      16     
                      17     ;P3_Vermelho EQU P2.4
  00A3                18     P3_Verde EQU P2.3
                      19     
  00B2                20     B3 EQU P3.2
                      21     
  0090                22     S1_S2 EQU P1
  00A0                23     S3_P3 EQU P2    
                      24             
  001B                25     S1_S2_Verdes EQU 00011011b 
  0013                26     S3_Vermelho_P3_Verde EQU 00010011b 
  002D                27     S1_S2_Amarelos EQU 00101101b 
  0036                28     S1_S2_Vermelhos EQU 00110110b 
  000E                29     S3_Verde_P3_Vermelho EQU 00001110b
  000D                30     S3_Amarelo_P3_Vermelho EQU 00001101b
                      31     
  0000                32     Zero EQU 0 ;para os semáforos indica que o semáforo está ligado
  0001                33     Um EQU 1 ;para os semáforos indica que o semáforo está desligado
  000A                34     Dez EQU 10
  000F                35     Quinze EQU 15
  0019                36     VinteECinco EQU 25
  0028                37     Quarenta EQU 40
  0064                38     Cem EQU 100
                      39             
                      40     ; A - contador de tempo em segundos dos semaforos para os carros
                      41     ; R0 - variavel auxiliar para só efetuar mudanças ao semáforos quando A mudar
                      42     ; R1 - numero de contagens de 250 microsegundos para fazer 10 milisegundos (40)
                      43     ; R2 - numero de contagens de 10 milisegundos para fazer 1 segundo (100)
                      44     
----                  45     CSEG AT 0000h
0000 801E             46             JMP Inicio ;depois de um reset efetuar as inicializações
                      47     
----                  48     CSEG AT 0003h
0003 0197             49             JMP InterrupcaoExterior0
                      50             
----                  51     CSEG AT 000Bh
000B 807E             52             JMP InterrupcaoTempo0
                      53             
----                  54     CSEG AT 0020h
0020                  55     Inicio: 
0020 758107           56             MOV SP, #7
0023 1167             57             CALL Inicializacoes
A51 MACRO ASSEMBLER  ASSEMBLY_PROJETO                                                     05/18/2020 16:14:05 PAGE     2

0025 1173             58             CALL AtivaInterrupcao
0027 1179             59             CALL AtivaTemporizador
                      60             
0029                  61     Principal:
0029 B801FD           62             CJNE R0,#Um,Principal ;se R0 for um, quer dizer que A incrementou por isso faz-se a
                             s verificações; se for 0, não se faz as verificações
002C 7008             63             JNZ ContaSegundos_10 ;comparar A com 0, saltar se não é zero
                      64             ;Pôr S1 e S2 verdes, S3 vermelho e P3 verde
002E 75901B           65             MOV S1_S2,#S1_S2_Verdes
0031 75A013           66             MOV S3_P3,#S3_Vermelho_P3_Verde
0034 8027             67             JMP ResetR0
0036                  68     ContaSegundos_10: ;comparar A com 10, saltar se não é igual a 10
0036 B40A05           69             CJNE A, #10, ContaSegundos_entre_10e15
                      70             ;Pôr S1 e S2 amarelos
0039 75902D           71             MOV S1_S2,#S1_S2_Amarelos
003C 801F             72             JMP ResetR0
003E                  73     ContaSegundos_entre_10e15: ;ver se A é maior ou igual a 10 e menor que 15, saltar se não 
                             for
003E B40A00           74             CJNE A, #10, Maior_ou_igual ;comparar A com 10
0041                  75     Maior_ou_igual:
0041 4009             76             JC ContaSegundos_15 ;se o carry é 1 então A é menor que 10 e por isso salta-se
0043 B40F00           77             CJNE A, #15, Menorque  ;comparar A com 15
0046                  78     Menorque:
0046 5004             79             JNC ContaSegundos_15 ;se o carry é 0 então A é maior ou igual a 15 e por isso sa
                             lta-se
0048 B2A3             80             CPL P3_Verde ;muda o estado de P3, para pôr P3 intermitente
004A 8011             81             JMP ResetR0     
004C                  82     ContaSegundos_15:
004C B40F08           83             CJNE A, #15, ContaSegundos_25
                      84             ;Pôr S1 e S2 vermelhos, S3 verde e P3 vermelho
004F 759036           85             MOV S1_S2,#S1_S2_Vermelhos
0052 75A00E           86             MOV S3_P3,#S3_Verde_P3_Vermelho
0055 8006             87             JMP ResetR0
0057                  88     ContaSegundos_25:
0057 B41905           89             CJNE A, #25, ContaSegundos_30
                      90             ;Pôr S3 amarelo
005A 75A00D           91             MOV S3_P3,#S3_Amarelo_P3_Vermelho
005D                  92     ResetR0:
005D 7800             93             MOV R0,#Zero ;reset de R0, para não se efetuar as verificações sem A ser increme
                             ntado
005F                  94     ContaSegundos_30:
005F B41EC7           95             CJNE A, #30, Principal
0062 E4               96             CLR A ;fazer A=0 para voltar-se ao início do ciclo
0063 7801             97             MOV R0, #Um
0065 80C2             98             JMP Principal
                      99     
0067                 100     Inicializacoes: 
0067 E4              101             CLR A ;fazer reset de A
0068 7800            102             MOV R0, #Zero ;fazer reset de R0
006A 7900            103             MOV R1, #Zero ;fazer reset de R1
006C 75901B          104             MOV S1_S2, #S1_S2_Verdes 
006F 75A013          105             MOV S3_P3, #S3_Vermelho_P3_Verde
0072 22              106             RET
                     107     
0073                 108     AtivaInterrupcao:
0073 75A883          109             MOV IE, #10000011b ;ativar as interrupções em geral, a do timer0 e a externa 0
0076 D288            110             SETB IT0 ;definir a interrupção externa para ser ativa no falling edge
0078 22              111             RET
                     112     
0079                 113     AtivaTemporizador:
0079 758902          114             MOV TMOD, #00000010b ;definir o timer 0 no modo 2 (8 bit - auto reload)
007C 758A06          115             MOV TL0, #TempoL
007F 758C06          116             MOV TH0, #TempoH
0082 7801            117             MOV R0,#Um ;meter R0 a um para definir os semáforos no estado inicial
0084 7928            118             MOV R1, #Quarenta ;meter em R1 o número de contagens necessárias para perfazer 10
                              milisegundos (40)
A51 MACRO ASSEMBLER  ASSEMBLY_PROJETO                                                     05/18/2020 16:14:05 PAGE     3

0086 7A64            119             MOV R2, #Cem ;meter em R2 o número de contagens de 10 milisegundos para perfazer 1
                              segundo (100)
0088 D28C            120             SETB TR0 ;iniciar o timer
008A 22              121             RET
                     122     
008B                 123     InterrupcaoTempo0:
008B D909            124             DJNZ R1, FimIT0 ;decrementar R1 e verificar se chegou a 0, saltar se não chegou a 0
008D 7928            125             MOV R1, #Quarenta ;reset de R1
008F DA05            126             DJNZ R2, FimIT0 ;como passou 10 milisegundos, decrementar R2 e verificar se chegou 
                             a 0, saltar se não
0091 04              127             INC A ;se R2 chegou a 0, passou um segundo, incrementar A
0092 7801            128             MOV R0,#Um ;meter R0 a um, para efetuar as verificações de A em Principal pois A 
                             aumentou
0094 7A64            129             MOV R2, #Cem ;reset de R2
                     130             
0096                 131     FimIT0:
0096 32              132             RETI
                     133     
0097                 134     InterrupcaoExterior0:
0097 20A008          135             JB S3_Verde, FimIE0 ;verificar se S3_Verde está a 1 (desligado) e saltar se isso o
                             correr
009A 7419            136             MOV A, #VinteECinco ;se S3_Verde está a 0 (ligado) metemos em A vinte e cinco para
                              mudar S3 para amarelo
009C 7801            137             MOV R0,#Um ;meter R0 a um, para efetuar as verificações de A em Principal pois A 
                             foi alterado
009E 7928            138             MOV R1, #Quarenta ;reset de R1
00A0 7A64            139             MOV R2, #Cem ;reset de R2
00A2                 140     FimIE0:
00A2 32              141             RETI
                     142             
                     143     end
A51 MACRO ASSEMBLER  ASSEMBLY_PROJETO                                                     05/18/2020 16:14:05 PAGE     4

SYMBOL TABLE LISTING
------ ----- -------


N A M E                    T Y P E  V A L U E   ATTRIBUTES

ATIVAINTERRUPCAO. . . . .  C ADDR   0073H   A   
ATIVATEMPORIZADOR . . . .  C ADDR   0079H   A   
B3. . . . . . . . . . . .  B ADDR   00B0H.2 A   
CEM . . . . . . . . . . .  N NUMB   0064H   A   
CONTASEGUNDOS_10. . . . .  C ADDR   0036H   A   
CONTASEGUNDOS_15. . . . .  C ADDR   004CH   A   
CONTASEGUNDOS_25. . . . .  C ADDR   0057H   A   
CONTASEGUNDOS_30. . . . .  C ADDR   005FH   A   
CONTASEGUNDOS_ENTRE_10E15  C ADDR   003EH   A   
DEZ . . . . . . . . . . .  N NUMB   000AH   A   
FIMIE0. . . . . . . . . .  C ADDR   00A2H   A   
FIMIT0. . . . . . . . . .  C ADDR   0096H   A   
IE. . . . . . . . . . . .  D ADDR   00A8H   A   
INICIALIZACOES. . . . . .  C ADDR   0067H   A   
INICIO. . . . . . . . . .  C ADDR   0020H   A   
INTERRUPCAOEXTERIOR0. . .  C ADDR   0097H   A   
INTERRUPCAOTEMPO0 . . . .  C ADDR   008BH   A   
IT0 . . . . . . . . . . .  B ADDR   0088H.0 A   
MAIOR_OU_IGUAL. . . . . .  C ADDR   0041H   A   
MENORQUE. . . . . . . . .  C ADDR   0046H   A   
P1. . . . . . . . . . . .  D ADDR   0090H   A   
P2. . . . . . . . . . . .  D ADDR   00A0H   A   
P3. . . . . . . . . . . .  D ADDR   00B0H   A   
P3_VERDE. . . . . . . . .  B ADDR   00A0H.3 A   
PRINCIPAL . . . . . . . .  C ADDR   0029H   A   
QUARENTA. . . . . . . . .  N NUMB   0028H   A   
QUINZE. . . . . . . . . .  N NUMB   000FH   A   
RESETR0 . . . . . . . . .  C ADDR   005DH   A   
S1_S2 . . . . . . . . . .  D ADDR   0090H   A   
S1_S2_AMARELOS. . . . . .  N NUMB   002DH   A   
S1_S2_VERDES. . . . . . .  N NUMB   001BH   A   
S1_S2_VERMELHOS . . . . .  N NUMB   0036H   A   
S3_AMARELO_P3_VERMELHO. .  N NUMB   000DH   A   
S3_P3 . . . . . . . . . .  D ADDR   00A0H   A   
S3_VERDE. . . . . . . . .  B ADDR   00A0H.0 A   
S3_VERDE_P3_VERMELHO. . .  N NUMB   000EH   A   
S3_VERMELHO_P3_VERDE. . .  N NUMB   0013H   A   
SP. . . . . . . . . . . .  D ADDR   0081H   A   
TEMPOH. . . . . . . . . .  N NUMB   0006H   A   
TEMPOL. . . . . . . . . .  N NUMB   0006H   A   
TH0 . . . . . . . . . . .  D ADDR   008CH   A   
TL0 . . . . . . . . . . .  D ADDR   008AH   A   
TMOD. . . . . . . . . . .  D ADDR   0089H   A   
TR0 . . . . . . . . . . .  B ADDR   0088H.4 A   
UM. . . . . . . . . . . .  N NUMB   0001H   A   
VINTEECINCO . . . . . . .  N NUMB   0019H   A   
ZERO. . . . . . . . . . .  N NUMB   0000H   A   


REGISTER BANK(S) USED: 0 


ASSEMBLY COMPLETE.  0 WARNING(S), 0 ERROR(S)
